Archive member included to satisfy reference by file (symbol)

/home/aby/NRF/gcc-arm-none-eabi-5_4-2016q3/bin/../lib/gcc/arm-none-eabi/5.4.1/../../../../arm-none-eabi/lib/armv7e-m/fpu/libc_nano.a(lib_a-exit.o)
                              /home/aby/NRF/gcc-arm-none-eabi-5_4-2016q3/bin/../lib/gcc/arm-none-eabi/5.4.1/../../../../arm-none-eabi/lib/armv7e-m/fpu/crt0.o (exit)
/home/aby/NRF/gcc-arm-none-eabi-5_4-2016q3/bin/../lib/gcc/arm-none-eabi/5.4.1/../../../../arm-none-eabi/lib/armv7e-m/fpu/libc_nano.a(lib_a-impure.o)
                              /home/aby/NRF/gcc-arm-none-eabi-5_4-2016q3/bin/../lib/gcc/arm-none-eabi/5.4.1/../../../../arm-none-eabi/lib/armv7e-m/fpu/libc_nano.a(lib_a-exit.o) (_global_impure_ptr)
/home/aby/NRF/gcc-arm-none-eabi-5_4-2016q3/bin/../lib/gcc/arm-none-eabi/5.4.1/../../../../arm-none-eabi/lib/armv7e-m/fpu/libc_nano.a(lib_a-init.o)
                              /home/aby/NRF/gcc-arm-none-eabi-5_4-2016q3/bin/../lib/gcc/arm-none-eabi/5.4.1/../../../../arm-none-eabi/lib/armv7e-m/fpu/crt0.o (__libc_init_array)
/home/aby/NRF/gcc-arm-none-eabi-5_4-2016q3/bin/../lib/gcc/arm-none-eabi/5.4.1/../../../../arm-none-eabi/lib/armv7e-m/fpu/libc_nano.a(lib_a-memset.o)
                              /home/aby/NRF/gcc-arm-none-eabi-5_4-2016q3/bin/../lib/gcc/arm-none-eabi/5.4.1/../../../../arm-none-eabi/lib/armv7e-m/fpu/crt0.o (memset)
/home/aby/NRF/gcc-arm-none-eabi-5_4-2016q3/bin/../lib/gcc/arm-none-eabi/5.4.1/../../../../arm-none-eabi/lib/armv7e-m/fpu/libnosys.a(_exit.o)
                              /home/aby/NRF/gcc-arm-none-eabi-5_4-2016q3/bin/../lib/gcc/arm-none-eabi/5.4.1/../../../../arm-none-eabi/lib/armv7e-m/fpu/libc_nano.a(lib_a-exit.o) (_exit)
/home/aby/NRF/gcc-arm-none-eabi-5_4-2016q3/bin/../lib/gcc/arm-none-eabi/5.4.1/../../../../arm-none-eabi/lib/armv7e-m/fpu/libc_nano.a(lib_a-memcpy-stub.o)
                              _build/nrf52832_xxaa_SEGGER_RTT.c.o (memcpy)
/home/aby/NRF/gcc-arm-none-eabi-5_4-2016q3/bin/../lib/gcc/arm-none-eabi/5.4.1/../../../../arm-none-eabi/lib/armv7e-m/fpu/libc_nano.a(lib_a-strcpy.o)
                              _build/nrf52832_xxaa_SEGGER_RTT.c.o (strcpy)
/home/aby/NRF/gcc-arm-none-eabi-5_4-2016q3/bin/../lib/gcc/arm-none-eabi/5.4.1/../../../../arm-none-eabi/lib/armv7e-m/fpu/libc_nano.a(lib_a-strlen.o)
                              _build/nrf52832_xxaa_SEGGER_RTT.c.o (strlen)

Allocating common symbols
Common symbol       size              file

_SEGGER_RTT         0x78              _build/nrf52832_xxaa_SEGGER_RTT.c.o

Discarded input sections

 .text          0x00000000        0x0 /home/aby/NRF/gcc-arm-none-eabi-5_4-2016q3/bin/../lib/gcc/arm-none-eabi/5.4.1/armv7e-m/fpu/crti.o
 .data          0x00000000        0x0 /home/aby/NRF/gcc-arm-none-eabi-5_4-2016q3/bin/../lib/gcc/arm-none-eabi/5.4.1/armv7e-m/fpu/crti.o
 .bss           0x00000000        0x0 /home/aby/NRF/gcc-arm-none-eabi-5_4-2016q3/bin/../lib/gcc/arm-none-eabi/5.4.1/armv7e-m/fpu/crti.o
 .data          0x00000000        0x4 /home/aby/NRF/gcc-arm-none-eabi-5_4-2016q3/bin/../lib/gcc/arm-none-eabi/5.4.1/armv7e-m/fpu/crtbegin.o
 .data          0x00000000        0x0 /home/aby/NRF/gcc-arm-none-eabi-5_4-2016q3/bin/../lib/gcc/arm-none-eabi/5.4.1/../../../../arm-none-eabi/lib/armv7e-m/fpu/crt0.o
 .bss           0x00000000        0x0 /home/aby/NRF/gcc-arm-none-eabi-5_4-2016q3/bin/../lib/gcc/arm-none-eabi/5.4.1/../../../../arm-none-eabi/lib/armv7e-m/fpu/crt0.o
 .ARM.extab     0x00000000        0x0 /home/aby/NRF/gcc-arm-none-eabi-5_4-2016q3/bin/../lib/gcc/arm-none-eabi/5.4.1/../../../../arm-none-eabi/lib/armv7e-m/fpu/crt0.o
 .text          0x00000000        0x0 /home/aby/NRF/gcc-arm-none-eabi-5_4-2016q3/bin/../lib/gcc/arm-none-eabi/5.4.1/../../../../arm-none-eabi/lib/armv7e-m/fpu/libc_nano.a(lib_a-exit.o)
 .data          0x00000000        0x0 /home/aby/NRF/gcc-arm-none-eabi-5_4-2016q3/bin/../lib/gcc/arm-none-eabi/5.4.1/../../../../arm-none-eabi/lib/armv7e-m/fpu/libc_nano.a(lib_a-exit.o)
 .bss           0x00000000        0x0 /home/aby/NRF/gcc-arm-none-eabi-5_4-2016q3/bin/../lib/gcc/arm-none-eabi/5.4.1/../../../../arm-none-eabi/lib/armv7e-m/fpu/libc_nano.a(lib_a-exit.o)
 .text          0x00000000        0x0 /home/aby/NRF/gcc-arm-none-eabi-5_4-2016q3/bin/../lib/gcc/arm-none-eabi/5.4.1/../../../../arm-none-eabi/lib/armv7e-m/fpu/libc_nano.a(lib_a-impure.o)
 .data          0x00000000        0x0 /home/aby/NRF/gcc-arm-none-eabi-5_4-2016q3/bin/../lib/gcc/arm-none-eabi/5.4.1/../../../../arm-none-eabi/lib/armv7e-m/fpu/libc_nano.a(lib_a-impure.o)
 .bss           0x00000000        0x0 /home/aby/NRF/gcc-arm-none-eabi-5_4-2016q3/bin/../lib/gcc/arm-none-eabi/5.4.1/../../../../arm-none-eabi/lib/armv7e-m/fpu/libc_nano.a(lib_a-impure.o)
 .data._impure_ptr
                0x00000000        0x4 /home/aby/NRF/gcc-arm-none-eabi-5_4-2016q3/bin/../lib/gcc/arm-none-eabi/5.4.1/../../../../arm-none-eabi/lib/armv7e-m/fpu/libc_nano.a(lib_a-impure.o)
[...]
Memory Configuration

Name             Origin             Length             Attributes
FLASH            0x00000000         0x00080000         xr
RAM              0x20000000         0x00010000         xrw
*default*        0x00000000         0xffffffff

Linker script and memory map


.text           0x00000000     0x2030
 *(.isr_vector)
 .isr_vector    0x00000000      0x400 _build/nrf52832_xxaa_gcc_startup_nrf52.S.o
                0x00000000                __isr_vector
 *(.text*)
 .text          0x00000400       0x5c /home/aby/NRF/gcc-arm-none-eabi-5_4-2016q3/bin/../lib/gcc/arm-none-eabi/5.4.1/armv7e-m/fpu/crtbegin.o
 .text          0x0000045c       0x74 /home/aby/NRF/gcc-arm-none-eabi-5_4-2016q3/bin/../lib/gcc/arm-none-eabi/5.4.1/../../../../arm-none-eabi/lib/armv7e-m/fpu/crt0.o
                0x0000045c                _mainCRTStartup
                0x0000045c                _start
 .text.exit     0x000004d0       0x28 /home/aby/NRF/gcc-arm-none-eabi-5_4-2016q3/bin/../lib/gcc/arm-none-eabi/5.4.1/../../../../arm-none-eabi/lib/armv7e-m/fpu/libc_nano.a(lib_a-exit.o)
                0x000004d0                exit
 .text.__libc_init_array
                0x000004f8       0x4c /home/aby/NRF/gcc-arm-none-eabi-5_4-2016q3/bin/../lib/gcc/arm-none-eabi/5.4.1/../../../../arm-none-eabi/lib/armv7e-m/fpu/libc_nano.a(lib_a-init.o)
                0x000004f8                __libc_init_array
 .text.memset   0x00000544       0x10 /home/aby/NRF/gcc-arm-none-eabi-5_4-2016q3/bin/../lib/gcc/arm-none-eabi/5.4.1/../../../../arm-none-eabi/lib/armv7e-m/fpu/libc_nano.a(lib_a-memset.o)
                0x00000544                memset
 .text._exit    0x00000554        0x4 /home/aby/NRF/gcc-arm-none-eabi-5_4-2016q3/bin/../lib/gcc/arm-none-eabi/5.4.1/../../../../arm-none-eabi/lib/armv7e-m/fpu/libnosys.a(_exit.o)
                0x00000554                _exit
 .text.app_error_handler_bare
                0x00000558       0x20 _build/nrf52832_xxaa_app_error.c.o
                0x00000558                app_error_handler_bare
 .text.app_error_fault_handler
                0x00000578       0x24 _build/nrf52832_xxaa_app_error_weak.c.o
                0x00000578                app_error_fault_handler
 .text.nrf_drv_common_irq_enable
                0x0000059c       0x50 _build/nrf52832_xxaa_nrf_drv_common.c.o
                0x0000059c                nrf_drv_common_irq_enable
 .text.UARTE0_UART0_IRQHandler
                0x000005ec      0x2fc _build/nrf52832_xxaa_nrf_drv_uart.c.o
                0x000005ec                UARTE0_UART0_IRQHandler
 .text.in_pin_handler
                0x000008e8       0x1c _build/nrf52832_xxaa_main.c.o
                0x000008e8                in_pin_handler
 .text.nrf_esb_event_handler
                0x00000904       0x2c _build/nrf52832_xxaa_main.c.o
                0x00000904                nrf_esb_event_handler
 .text.esb_init
                0x00000930       0x80 _build/nrf52832_xxaa_main.c.o
                0x00000930                esb_init
 .text.startup.main
                0x000009b0      0x12c _build/nrf52832_xxaa_main.c.o
                0x000009b0                main
 .text.update_rf_payload_format_esb_dpl
                0x00000adc       0x2c _build/nrf52832_xxaa_nrf_esb.c.o
 .text.update_rf_payload_format_esb
                0x00000b08       0x2c _build/nrf52832_xxaa_nrf_esb.c.o
 .text.on_radio_disabled_tx
                0x00000b34       0x8c _build/nrf52832_xxaa_nrf_esb.c.o
 .text.start_tx_transaction
                0x00000bc0      0x12c _build/nrf52832_xxaa_nrf_esb.c.o
 .text.rx_fifo_push_rfbuf
                0x00000cec       0x84 _build/nrf52832_xxaa_nrf_esb.c.o
 .text.on_radio_disabled_tx_wait_for_ack
                0x00000d70      0x190 _build/nrf52832_xxaa_nrf_esb.c.o
 .text.on_radio_disabled_tx_noack
                0x00000f00      0x1c0 _build/nrf52832_xxaa_nrf_esb.c.o
 .text.RADIO_IRQHandler
                0x000010c0       0x54 _build/nrf52832_xxaa_nrf_esb.c.o
                0x000010c0                RADIO_IRQHandler
 .text.nrf_esb_init
                0x00001114      0x294 _build/nrf52832_xxaa_nrf_esb.c.o
                0x00001114                nrf_esb_init
 .text.SWI0_EGU0_IRQHandler
                0x000013a8       0x7c _build/nrf52832_xxaa_nrf_esb.c.o
                0x000013a8                SWI0_EGU0_IRQHandler
 .text.nrf_esb_write_payload
                0x00001424       0xd4 _build/nrf52832_xxaa_nrf_esb.c.o
                0x00001424                nrf_esb_write_payload
 .text.nrf_esb_read_rx_payload
                0x000014f8       0x6c _build/nrf52832_xxaa_nrf_esb.c.o
                0x000014f8                nrf_esb_read_rx_payload
 .text.nrf_esb_start_tx
                0x00001564       0x28 _build/nrf52832_xxaa_nrf_esb.c.o
                0x00001564                nrf_esb_start_tx
 .text.nrf_esb_flush_tx
                0x0000158c       0x2c _build/nrf52832_xxaa_nrf_esb.c.o
                0x0000158c                nrf_esb_flush_tx
 .text.nrf_esb_set_base_address_0
                0x000015b8       0x3c _build/nrf52832_xxaa_nrf_esb.c.o
                0x000015b8                nrf_esb_set_base_address_0
 .text.nrf_esb_set_base_address_1
                0x000015f4       0x3c _build/nrf52832_xxaa_nrf_esb.c.o
                0x000015f4                nrf_esb_set_base_address_1
 .text.nrf_esb_set_prefixes
                0x00001630       0x60 _build/nrf52832_xxaa_nrf_esb.c.o
                0x00001630                nrf_esb_set_prefixes
 .text          0x00001690       0x3c _build/nrf52832_xxaa_gcc_startup_nrf52.S.o
                0x00001690                Reset_Handler
                0x000016b8                NMI_Handler
                0x000016ba                HardFault_Handler
                0x000016bc                MemoryManagement_Handler
                0x000016be                BusFault_Handler
                0x000016c0                UsageFault_Handler
                0x000016c2                SVC_Handler
                0x000016c4                DebugMon_Handler
                0x000016c6                PendSV_Handler
                0x000016c8                SysTick_Handler
                0x000016ca                TIMER2_IRQHandler
                0x000016ca                RTC0_IRQHandler
                0x000016ca                SWI2_EGU2_IRQHandler
                0x000016ca                PWM1_IRQHandler
                0x000016ca                POWER_CLOCK_IRQHandler
                0x000016ca                PDM_IRQHandler
                0x000016ca                TEMP_IRQHandler
                0x000016ca                QDEC_IRQHandler
                0x000016ca                TIMER3_IRQHandler
                0x000016ca                FPU_IRQHandler
                0x000016ca                SPIM0_SPIS0_TWIM0_TWIS0_SPI0_TWI0_IRQHandler
                0x000016ca                TIMER4_IRQHandler
                0x000016ca                I2S_IRQHandler
                0x000016ca                SWI4_EGU4_IRQHandler
                0x000016ca                TIMER0_IRQHandler
                0x000016ca                TIMER1_IRQHandler
                0x000016ca                PWM2_IRQHandler
                0x000016ca                ECB_IRQHandler
                0x000016ca                SPIM1_SPIS1_TWIM1_TWIS1_SPI1_TWI1_IRQHandler
                0x000016ca                Default_Handler
                0x000016ca                SAADC_IRQHandler
                0x000016ca                CCM_AAR_IRQHandler
                0x000016ca                WDT_IRQHandler
                0x000016ca                SWI5_EGU5_IRQHandler
                0x000016ca                RNG_IRQHandler
                0x000016ca                RTC2_IRQHandler
                0x000016ca                PWM0_IRQHandler
                0x000016ca                SWI3_EGU3_IRQHandler
                0x000016ca                RTC1_IRQHandler
                0x000016ca                SWI1_EGU1_IRQHandler
                0x000016ca                SPIM2_SPIS2_SPI2_IRQHandler
                0x000016ca                NFCT_IRQHandler
                0x000016ca                MWU_IRQHandler
                0x000016ca                COMP_LPCOMP_IRQHandler
 .text.SystemInit
                0x000016cc      0x2f0 _build/nrf52832_xxaa_system_nrf52.c.o
                0x000016cc                SystemInit
 .text.nrf_drv_gpiote_init
                0x000019bc       0x70 _build/nrf52832_xxaa_nrf_drv_gpiote.c.o
                0x000019bc                nrf_drv_gpiote_init
 .text.nrf_drv_gpiote_out_init
                0x00001a2c       0xf0 _build/nrf52832_xxaa_nrf_drv_gpiote.c.o
                0x00001a2c                nrf_drv_gpiote_out_init
 .text.nrf_drv_gpiote_out_toggle
                0x00001b1c       0x20 _build/nrf52832_xxaa_nrf_drv_gpiote.c.o
                0x00001b1c                nrf_drv_gpiote_out_toggle
 .text.nrf_drv_gpiote_in_init
                0x00001b3c      0x11c _build/nrf52832_xxaa_nrf_drv_gpiote.c.o
                0x00001b3c                nrf_drv_gpiote_in_init
 .text.nrf_drv_gpiote_in_event_enable
                0x00001c58       0xc4 _build/nrf52832_xxaa_nrf_drv_gpiote.c.o
                0x00001c58                nrf_drv_gpiote_in_event_enable
 .text.GPIOTE_IRQHandler
                0x00001d1c      0x2b0 _build/nrf52832_xxaa_nrf_drv_gpiote.c.o
                0x00001d1c                GPIOTE_IRQHandler
 .text.memcpy   0x00001fcc       0x16 /home/aby/NRF/gcc-arm-none-eabi-5_4-2016q3/bin/../lib/gcc/arm-none-eabi/5.4.1/../../../../arm-none-eabi/lib/armv7e-m/fpu/libc_nano.a(lib_a-memcpy-stub.o)
                0x00001fcc                memcpy
 *(.init)
 *fill*         0x00001fe2        0x2 
 .init          0x00001fe4        0x4 /home/aby/NRF/gcc-arm-none-eabi-5_4-2016q3/bin/../lib/gcc/arm-none-eabi/5.4.1/armv7e-m/fpu/crti.o
                0x00001fe4                _init
 .init          0x00001fe8        0x8 /home/aby/NRF/gcc-arm-none-eabi-5_4-2016q3/bin/../lib/gcc/arm-none-eabi/5.4.1/armv7e-m/fpu/crtn.o
 *(.fini)
 .fini          0x00001ff0        0x4 /home/aby/NRF/gcc-arm-none-eabi-5_4-2016q3/bin/../lib/gcc/arm-none-eabi/5.4.1/armv7e-m/fpu/crti.o
                0x00001ff0                _fini
 .fini          0x00001ff4        0x8 /home/aby/NRF/gcc-arm-none-eabi-5_4-2016q3/bin/../lib/gcc/arm-none-eabi/5.4.1/armv7e-m/fpu/crtn.o
 *crtbegin.o(.ctors)
 *crtbegin?.o(.ctors)
 *(EXCLUDE_FILE(*crtend.o *crtend?.o) .ctors)
 *(SORT(.ctors.*))
 *(.ctors)
 *crtbegin.o(.dtors)
 *crtbegin?.o(.dtors)
 *(EXCLUDE_FILE(*crtend.o *crtend?.o) .dtors)
 *(SORT(.dtors.*))
 *(.dtors)
 *(.rodata*)
 .rodata._global_impure_ptr
                0x00001ffc        0x4 /home/aby/NRF/gcc-arm-none-eabi-5_4-2016q3/bin/../lib/gcc/arm-none-eabi/5.4.1/../../../../arm-none-eabi/lib/armv7e-m/fpu/libc_nano.a(lib_a-impure.o)
                0x00001ffc                _global_impure_ptr
 .rodata        0x00002000       0x2c _build/nrf52832_xxaa_main.c.o
 *(.eh_frame*)
 .eh_frame      0x0000202c        0x0 /home/aby/NRF/gcc-arm-none-eabi-5_4-2016q3/bin/../lib/gcc/arm-none-eabi/5.4.1/armv7e-m/fpu/crtbegin.o
 .eh_frame      0x0000202c        0x4 /home/aby/NRF/gcc-arm-none-eabi-5_4-2016q3/bin/../lib/gcc/arm-none-eabi/5.4.1/armv7e-m/fpu/crtend.o

.glue_7         0x00002030        0x0
 .glue_7        0x00002030        0x0 linker stubs

.glue_7t        0x00002030        0x0
 .glue_7t       0x00002030        0x0 linker stubs

.vfp11_veneer   0x00002030        0x0
 .vfp11_veneer  0x00002030        0x0 linker stubs

.v4_bx          0x00002030        0x0
 .v4_bx         0x00002030        0x0 linker stubs

.iplt           0x00002030        0x0
 .iplt          0x00002030        0x0 /home/aby/NRF/gcc-arm-none-eabi-5_4-2016q3/bin/../lib/gcc/arm-none-eabi/5.4.1/armv7e-m/fpu/crtbegin.o

.ARM.extab
 *(.ARM.extab* .gnu.linkonce.armextab.*)
                0x00002030                __exidx_start = .

.ARM.exidx      0x00002030        0x8
 *(.ARM.exidx* .gnu.linkonce.armexidx.*)
 .ARM.exidx     0x00002030        0x8 /home/aby/NRF/gcc-arm-none-eabi-5_4-2016q3/bin/../lib/gcc/arm-none-eabi/5.4.1/../../../../arm-none-eabi/lib/armv7e-m/fpu/crt0.o
                0x00002038                __exidx_end = .
                0x00002038                __etext = .

.rel.dyn        0x00002038        0x0
 .rel.iplt      0x00002038        0x0 /home/aby/NRF/gcc-arm-none-eabi-5_4-2016q3/bin/../lib/gcc/arm-none-eabi/5.4.1/armv7e-m/fpu/crtbegin.o

.data           0x20000000       0xac load address 0x00002038
                0x20000000                __data_start__ = .
 *(vtable)
 *(.data*)
 .data.impure_data
                0x20000000       0x60 /home/aby/NRF/gcc-arm-none-eabi-5_4-2016q3/bin/../lib/gcc/arm-none-eabi/5.4.1/../../../../arm-none-eabi/lib/armv7e-m/fpu/libc_nano.a(lib_a-impure.o)
 .data.tx_payload
                0x20000060       0x25 _build/nrf52832_xxaa_main.c.o
 *fill*         0x20000085        0x3 
 .data.m_esb_addr
                0x20000088       0x14 _build/nrf52832_xxaa_nrf_esb.c.o
 .data.SystemCoreClock
                0x2000009c        0x4 _build/nrf52832_xxaa_system_nrf52.c.o
                0x2000009c                SystemCoreClock
                0x200000a0                . = ALIGN (0x4)
                0x200000a0                PROVIDE (__preinit_array_start, .)
 *(.preinit_array)
                0x200000a0                PROVIDE (__preinit_array_end, .)
                0x200000a0                . = ALIGN (0x4)
                0x200000a0                PROVIDE (__init_array_start, .)
 *(SORT(.init_array.*))
 *(.init_array)
 .init_array    0x200000a0        0x4 /home/aby/NRF/gcc-arm-none-eabi-5_4-2016q3/bin/../lib/gcc/arm-none-eabi/5.4.1/armv7e-m/fpu/crtbegin.o
                0x200000a4                PROVIDE (__init_array_end, .)
                0x200000a4                . = ALIGN (0x4)
                [!provide]                PROVIDE (__fini_array_start, .)
 *(SORT(.fini_array.*))
 *(.fini_array)
 .fini_array    0x200000a4        0x4 /home/aby/NRF/gcc-arm-none-eabi-5_4-2016q3/bin/../lib/gcc/arm-none-eabi/5.4.1/armv7e-m/fpu/crtbegin.o
                [!provide]                PROVIDE (__fini_array_end, .)
 *(.jcr*)
 .jcr           0x200000a8        0x0 /home/aby/NRF/gcc-arm-none-eabi-5_4-2016q3/bin/../lib/gcc/arm-none-eabi/5.4.1/armv7e-m/fpu/crtbegin.o
 .jcr           0x200000a8        0x4 /home/aby/NRF/gcc-arm-none-eabi-5_4-2016q3/bin/../lib/gcc/arm-none-eabi/5.4.1/armv7e-m/fpu/crtend.o
                0x200000ac                . = ALIGN (0x4)
                0x200000ac                __data_end__ = .
LOAD /home/aby/NRF/gcc-arm-none-eabi-5_4-2016q3/bin/../lib/gcc/arm-none-eabi/5.4.1/armv7e-m/fpu/crti.o
LOAD /home/aby/NRF/gcc-arm-none-eabi-5_4-2016q3/bin/../lib/gcc/arm-none-eabi/5.4.1/armv7e-m/fpu/crtbegin.o
LOAD /home/aby/NRF/gcc-arm-none-eabi-5_4-2016q3/bin/../lib/gcc/arm-none-eabi/5.4.1/../../../../arm-none-eabi/lib/armv7e-m/fpu/crt0.o
LOAD /home/aby/NRF/gcc-arm-none-eabi-5_4-2016q3/bin/../lib/gcc/arm-none-eabi/5.4.1/../../../../arm-none-eabi/lib/armv7e-m/fpu/libc_nano.a
LOAD /home/aby/NRF/gcc-arm-none-eabi-5_4-2016q3/bin/../lib/gcc/arm-none-eabi/5.4.1/../../../../arm-none-eabi/lib/armv7e-m/fpu/libnosys.a
LOAD _build/nrf52832_xxaa_nrf_log_backend_serial.c.o
LOAD _build/nrf52832_xxaa_nrf_log_frontend.c.o
LOAD _build/nrf52832_xxaa_app_error.c.o
LOAD _build/nrf52832_xxaa_app_error_weak.c.o
LOAD _build/nrf52832_xxaa_app_util_platform.c.o
LOAD _build/nrf52832_xxaa_nrf_assert.c.o
LOAD _build/nrf52832_xxaa_sdk_errors.c.o
LOAD _build/nrf52832_xxaa_boards.c.o
LOAD _build/nrf52832_xxaa_nrf_drv_common.c.o
LOAD _build/nrf52832_xxaa_nrf_drv_uart.c.o
LOAD _build/nrf52832_xxaa_main.c.o
LOAD _build/nrf52832_xxaa_RTT_Syscalls_GCC.c.o
LOAD _build/nrf52832_xxaa_SEGGER_RTT.c.o
LOAD _build/nrf52832_xxaa_SEGGER_RTT_printf.c.o
LOAD _build/nrf52832_xxaa_nrf_esb.c.o
LOAD _build/nrf52832_xxaa_gcc_startup_nrf52.S.o
LOAD _build/nrf52832_xxaa_system_nrf52.c.o
LOAD _build/nrf52832_xxaa_nrf_drv_gpiote.c.o
LOAD /home/aby/NRF/gcc-arm-none-eabi-5_4-2016q3/bin/../lib/gcc/arm-none-eabi/5.4.1/../../../../arm-none-eabi/lib/armv7e-m/fpu/libm.a
START GROUP
LOAD /home/aby/NRF/gcc-arm-none-eabi-5_4-2016q3/bin/../lib/gcc/arm-none-eabi/5.4.1/armv7e-m/fpu/libgcc.a
LOAD /home/aby/NRF/gcc-arm-none-eabi-5_4-2016q3/bin/../lib/gcc/arm-none-eabi/5.4.1/../../../../arm-none-eabi/lib/armv7e-m/fpu/libc_nano.a
END GROUP
START GROUP
LOAD /home/aby/NRF/gcc-arm-none-eabi-5_4-2016q3/bin/../lib/gcc/arm-none-eabi/5.4.1/armv7e-m/fpu/libgcc.a
LOAD /home/aby/NRF/gcc-arm-none-eabi-5_4-2016q3/bin/../lib/gcc/arm-none-eabi/5.4.1/../../../../arm-none-eabi/lib/armv7e-m/fpu/libc_nano.a
END GROUP
LOAD /home/aby/NRF/gcc-arm-none-eabi-5_4-2016q3/bin/../lib/gcc/arm-none-eabi/5.4.1/armv7e-m/fpu/crtend.o
LOAD /home/aby/NRF/gcc-arm-none-eabi-5_4-2016q3/bin/../lib/gcc/arm-none-eabi/5.4.1/armv7e-m/fpu/crtn.o
START GROUP
LOAD /home/aby/NRF/gcc-arm-none-eabi-5_4-2016q3/bin/../lib/gcc/arm-none-eabi/5.4.1/armv7e-m/fpu/libgcc.a
LOAD /home/aby/NRF/gcc-arm-none-eabi-5_4-2016q3/bin/../lib/gcc/arm-none-eabi/5.4.1/../../../../arm-none-eabi/lib/armv7e-m/fpu/libc.a
LOAD /home/aby/NRF/gcc-arm-none-eabi-5_4-2016q3/bin/../lib/gcc/arm-none-eabi/5.4.1/../../../../arm-none-eabi/lib/armv7e-m/fpu/libnosys.a
END GROUP

.igot.plt       0x200000ac        0x0 load address 0x000020e4
 .igot.plt      0x200000ac        0x0 /home/aby/NRF/gcc-arm-none-eabi-5_4-2016q3/bin/../lib/gcc/arm-none-eabi/5.4.1/armv7e-m/fpu/crtbegin.o

.fs_data        0x200000ac        0x0
                [!provide]                PROVIDE (__start_fs_data, .)
 *(.fs_data)
                [!provide]                PROVIDE (__stop_fs_data, .)

.pwr_mgmt_data  0x200000ac        0x0
                [!provide]                PROVIDE (__start_pwr_mgmt_data, .)
 *(.pwr_mgmt_data)
                [!provide]                PROVIDE (__stop_pwr_mgmt_data, .)

.bss            0x200000ac      0x408 load address 0x000020e4
                0x200000ac                . = ALIGN (0x4)
                0x200000ac                __bss_start__ = .
 *(.bss*)
 .bss           0x200000ac       0x1c /home/aby/NRF/gcc-arm-none-eabi-5_4-2016q3/bin/../lib/gcc/arm-none-eabi/5.4.1/armv7e-m/fpu/crtbegin.o
 .bss.m_cb      0x200000c8       0x20 _build/nrf52832_xxaa_nrf_drv_uart.c.o
 .bss.rx_payload
                0x200000e8       0x25 _build/nrf52832_xxaa_main.c.o
 .bss.m_esb_initialized
                0x2000010d        0x1 _build/nrf52832_xxaa_nrf_esb.c.o
 *fill*         0x2000010e        0x2 
 .bss.m_rx_payload_buffer
                0x20000110       0x22 _build/nrf52832_xxaa_nrf_esb.c.o
 *fill*         0x20000132        0x2 
 .bss.m_tx_payload_buffer
                0x20000134       0x22 _build/nrf52832_xxaa_nrf_esb.c.o
 *fill*         0x20000156        0x2 
 .bss.m_retransmits_remaining
                0x20000158        0x4 _build/nrf52832_xxaa_nrf_esb.c.o
 .bss.m_nrf_esb_mainstate
                0x2000015c        0x1 _build/nrf52832_xxaa_nrf_esb.c.o
 *fill*         0x2000015d        0x3 
 .bss.m_event_handler
                0x20000160        0x4 _build/nrf52832_xxaa_nrf_esb.c.o
 .bss.update_rf_payload_format
                0x20000164        0x4 _build/nrf52832_xxaa_nrf_esb.c.o
 .bss.m_rx_pipe_info
                0x20000168       0x24 _build/nrf52832_xxaa_nrf_esb.c.o
 .bss.m_pids    0x2000018c        0x9 _build/nrf52832_xxaa_nrf_esb.c.o
 *fill*         0x20000195        0x3 
 .bss.m_tx_fifo
                0x20000198       0x2c _build/nrf52832_xxaa_nrf_esb.c.o
 .bss.m_interrupt_flags
                0x200001c4        0x4 _build/nrf52832_xxaa_nrf_esb.c.o
 .bss.m_wait_for_ack_timeout_us
                0x200001c8        0x4 _build/nrf52832_xxaa_nrf_esb.c.o
 .bss.m_config_local
                0x200001cc       0x18 _build/nrf52832_xxaa_nrf_esb.c.o
 .bss.m_rx_fifo_payload
                0x200001e4      0x128 _build/nrf52832_xxaa_nrf_esb.c.o
 .bss.m_last_tx_attempts
                0x2000030c        0x4 _build/nrf52832_xxaa_nrf_esb.c.o
 .bss.m_tx_fifo_payload
                0x20000310      0x128 _build/nrf52832_xxaa_nrf_esb.c.o
 .bss.mp_current_payload
                0x20000438        0x4 _build/nrf52832_xxaa_nrf_esb.c.o
 .bss.m_rx_fifo
                0x2000043c       0x2c _build/nrf52832_xxaa_nrf_esb.c.o
 .bss.on_radio_disabled
                0x20000468        0x4 _build/nrf52832_xxaa_nrf_esb.c.o
 .bss.m_cb      0x2000046c       0x48 _build/nrf52832_xxaa_nrf_drv_gpiote.c.o
 *(COMMON)
                0x200004b4                . = ALIGN (0x4)
                0x200004b4                __bss_end__ = .

.heap           0x200004b8     0x2000
                0x200004b8                __HeapBase = .
                0x200004b8                __end__ = .
                [!provide]                PROVIDE (end, .)
 *(.heap*)
 .heap          0x200004b8     0x2000 _build/nrf52832_xxaa_gcc_startup_nrf52.S.o
                0x200024b8                __HeapLimit = .

.stack_dummy    0x200004b8     0x2000
 *(.stack*)
 .stack         0x200004b8     0x2000 _build/nrf52832_xxaa_gcc_startup_nrf52.S.o
                0x20010000                __StackTop = (ORIGIN (RAM) + LENGTH (RAM))
                0x2000e000                __StackLimit = (__StackTop - SIZEOF (.stack_dummy))
                0x20010000                PROVIDE (__stack, __StackTop)
                0x00000001                ASSERT ((__StackLimit >= __HeapLimit), region RAM overflowed with stack)
OUTPUT(_build/nrf52832_xxaa.out elf32-littlearm)

.ARM.attributes
                0x00000000       0x30
 .ARM.attributes
                0x00000000       0x22 /home/aby/NRF/gcc-arm-none-eabi-5_4-2016q3/bin/../lib/gcc/arm-none-eabi/5.4.1/armv7e-m/fpu/crti.o
 .ARM.attributes
                0x00000022       0x34 /home/aby/NRF/gcc-arm-none-eabi-5_4-2016q3/bin/../lib/gcc/arm-none-eabi/5.4.1/armv7e-m/fpu/crtbegin.o
 .ARM.attributes
                0x00000056       0x20 /home/aby/NRF/gcc-arm-none-eabi-5_4-2016q3/bin/../lib/gcc/arm-none-eabi/5.4.1/../../../../arm-none-eabi/lib/armv7e-m/fpu/crt0.o
 .ARM.attributes
                0x00000076       0x34 /home/aby/NRF/gcc-arm-none-eabi-5_4-2016q3/bin/../lib/gcc/arm-none-eabi/5.4.1/../../../../arm-none-eabi/lib/armv7e-m/fpu/libc_nano.a(lib_a-exit.o)
 .ARM.attributes
                0x000000aa       0x34 /home/aby/NRF/gcc-arm-none-eabi-5_4-2016q3/bin/../lib/gcc/arm-none-eabi/5.4.1/../../../../arm-none-eabi/lib/armv7e-m/fpu/libc_nano.a(lib_a-impure.o)
 .ARM.attributes
                0x000000de       0x34 /home/aby/NRF/gcc-arm-none-eabi-5_4-2016q3/bin/../lib/gcc/arm-none-eabi/5.4.1/../../../../arm-none-eabi/lib/armv7e-m/fpu/libc_nano.a(lib_a-init.o)
 .ARM.attributes
                0x00000112       0x34 /home/aby/NRF/gcc-arm-none-eabi-5_4-2016q3/bin/../lib/gcc/arm-none-eabi/5.4.1/../../../../arm-none-eabi/lib/armv7e-m/fpu/libc_nano.a(lib_a-memset.o)
 .ARM.attributes
                0x00000146       0x34 /home/aby/NRF/gcc-arm-none-eabi-5_4-2016q3/bin/../lib/gcc/arm-none-eabi/5.4.1/../../../../arm-none-eabi/lib/armv7e-m/fpu/libnosys.a(_exit.o)
 .ARM.attributes
                0x0000017a       0x39 _build/nrf52832_xxaa_app_error.c.o
 .ARM.attributes
                0x000001b3       0x39 _build/nrf52832_xxaa_app_error_weak.c.o
 .ARM.attributes
                0x000001ec       0x39 _build/nrf52832_xxaa_nrf_drv_common.c.o
 .ARM.attributes
                0x00000225       0x39 _build/nrf52832_xxaa_nrf_drv_uart.c.o
 .ARM.attributes
                0x0000025e       0x39 _build/nrf52832_xxaa_main.c.o
 .ARM.attributes
                0x00000297       0x39 _build/nrf52832_xxaa_nrf_esb.c.o
 .ARM.attributes
                0x000002d0       0x1c _build/nrf52832_xxaa_gcc_startup_nrf52.S.o
 .ARM.attributes
                0x000002ec       0x39 _build/nrf52832_xxaa_system_nrf52.c.o
 .ARM.attributes
                0x00000325       0x39 _build/nrf52832_xxaa_nrf_drv_gpiote.c.o
 .ARM.attributes
                0x0000035e       0x34 /home/aby/NRF/gcc-arm-none-eabi-5_4-2016q3/bin/../lib/gcc/arm-none-eabi/5.4.1/../../../../arm-none-eabi/lib/armv7e-m/fpu/libc_nano.a(lib_a-memcpy-stub.o)
 .ARM.attributes
                0x00000392       0x34 /home/aby/NRF/gcc-arm-none-eabi-5_4-2016q3/bin/../lib/gcc/arm-none-eabi/5.4.1/armv7e-m/fpu/crtend.o
 .ARM.attributes
                0x000003c6       0x22 /home/aby/NRF/gcc-arm-none-eabi-5_4-2016q3/bin/../lib/gcc/arm-none-eabi/5.4.1/armv7e-m/fpu/crtn.o

.comment        0x00000000       0x6e
 .comment       0x00000000       0x6e _build/nrf52832_xxaa_app_error.c.o
                                 0x6f (size before relaxing)
 .comment       0x0000006e       0x6f _build/nrf52832_xxaa_app_error_weak.c.o
 .comment       0x0000006e       0x6f _build/nrf52832_xxaa_nrf_drv_common.c.o
 .comment       0x0000006e       0x6f _build/nrf52832_xxaa_nrf_drv_uart.c.o
 .comment       0x0000006e       0x6f _build/nrf52832_xxaa_main.c.o
 .comment       0x0000006e       0x6f _build/nrf52832_xxaa_nrf_esb.c.o
 .comment       0x0000006e       0x6f _build/nrf52832_xxaa_system_nrf52.c.o
 .comment       0x0000006e       0x6f _build/nrf52832_xxaa_nrf_drv_gpiote.c.o

.debug_frame    0x00000000      0x9f4
 .debug_frame   0x00000000       0x28 /home/aby/NRF/gcc-arm-none-eabi-5_4-2016q3/bin/../lib/gcc/arm-none-eabi/5.4.1/../../../../arm-none-eabi/lib/armv7e-m/fpu/libc_nano.a(lib_a-exit.o)
 .debug_frame   0x00000028       0x2c /home/aby/NRF/gcc-arm-none-eabi-5_4-2016q3/bin/../lib/gcc/arm-none-eabi/5.4.1/../../../../arm-none-eabi/lib/armv7e-m/fpu/libc_nano.a(lib_a-init.o)
 .debug_frame   0x00000054       0x20 /home/aby/NRF/gcc-arm-none-eabi-5_4-2016q3/bin/../lib/gcc/arm-none-eabi/5.4.1/../../../../arm-none-eabi/lib/armv7e-m/fpu/libc_nano.a(lib_a-memset.o)
 .debug_frame   0x00000074       0x20 /home/aby/NRF/gcc-arm-none-eabi-5_4-2016q3/bin/../lib/gcc/arm-none-eabi/5.4.1/../../../../arm-none-eabi/lib/armv7e-m/fpu/libnosys.a(_exit.o)
 .debug_frame   0x00000094       0x70 _build/nrf52832_xxaa_app_error.c.o
 .debug_frame   0x00000104       0x20 _build/nrf52832_xxaa_app_error_weak.c.o
 .debug_frame   0x00000124       0x2c _build/nrf52832_xxaa_nrf_drv_common.c.o
 .debug_frame   0x00000150      0x1b0 _build/nrf52832_xxaa_nrf_drv_uart.c.o
 .debug_frame   0x00000300       0x98 _build/nrf52832_xxaa_main.c.o
 .debug_frame   0x00000398      0x37c _build/nrf52832_xxaa_nrf_esb.c.o
 .debug_frame   0x00000714       0x48 _build/nrf52832_xxaa_system_nrf52.c.o
 .debug_frame   0x0000075c      0x270 _build/nrf52832_xxaa_nrf_drv_gpiote.c.o
 .debug_frame   0x000009cc       0x28 /home/aby/NRF/gcc-arm-none-eabi-5_4-2016q3/bin/../lib/gcc/arm-none-eabi/5.4.1/../../../../arm-none-eabi/lib/armv7e-m/fpu/libc_nano.a(lib_a-memcpy-stub.o)

.debug_info     0x00000000     0xb8d8
 .debug_info    0x00000000      0x34f _build/nrf52832_xxaa_app_error.c.o
 .debug_info    0x0000034f      0x331 _build/nrf52832_xxaa_app_error_weak.c.o
 .debug_info    0x00000680      0x5fb _build/nrf52832_xxaa_nrf_drv_common.c.o
 .debug_info    0x00000c7b     0x42e2 _build/nrf52832_xxaa_nrf_drv_uart.c.o
 .debug_info    0x00004f5d      0xe67 _build/nrf52832_xxaa_main.c.o
 .debug_info    0x00005dc4     0x25b8 _build/nrf52832_xxaa_nrf_esb.c.o
 .debug_info    0x0000837c      0xe06 _build/nrf52832_xxaa_system_nrf52.c.o
 .debug_info    0x00009182     0x2756 _build/nrf52832_xxaa_nrf_drv_gpiote.c.o

.debug_abbrev   0x00000000     0x163d
 .debug_abbrev  0x00000000      0x13a _build/nrf52832_xxaa_app_error.c.o
 .debug_abbrev  0x0000013a      0x13a _build/nrf52832_xxaa_app_error_weak.c.o
 .debug_abbrev  0x00000274      0x191 _build/nrf52832_xxaa_nrf_drv_common.c.o
 .debug_abbrev  0x00000405      0x3ce _build/nrf52832_xxaa_nrf_drv_uart.c.o
 .debug_abbrev  0x000007d3      0x399 _build/nrf52832_xxaa_main.c.o
 .debug_abbrev  0x00000b6c      0x4b1 _build/nrf52832_xxaa_nrf_esb.c.o
 .debug_abbrev  0x0000101d      0x1e7 _build/nrf52832_xxaa_system_nrf52.c.o
 .debug_abbrev  0x00001204      0x439 _build/nrf52832_xxaa_nrf_drv_gpiote.c.o

.debug_loc      0x00000000     0x5448
 .debug_loc     0x00000000      0x145 _build/nrf52832_xxaa_app_error.c.o
 .debug_loc     0x00000145       0x42 _build/nrf52832_xxaa_app_error_weak.c.o
 .debug_loc     0x00000187       0xd6 _build/nrf52832_xxaa_nrf_drv_common.c.o
 .debug_loc     0x0000025d     0x26cf _build/nrf52832_xxaa_nrf_drv_uart.c.o
 .debug_loc     0x0000292c      0x25c _build/nrf52832_xxaa_main.c.o
 .debug_loc     0x00002b88      0xb23 _build/nrf52832_xxaa_nrf_esb.c.o
 .debug_loc     0x000036ab     0x1d9d _build/nrf52832_xxaa_nrf_drv_gpiote.c.o

.debug_aranges  0x00000000      0x338
 .debug_aranges
                0x00000000       0x30 _build/nrf52832_xxaa_app_error.c.o
 .debug_aranges
                0x00000030       0x20 _build/nrf52832_xxaa_app_error_weak.c.o
 .debug_aranges
                0x00000050       0x20 _build/nrf52832_xxaa_nrf_drv_common.c.o
 .debug_aranges
                0x00000070       0x70 _build/nrf52832_xxaa_nrf_drv_uart.c.o
 .debug_aranges
                0x000000e0       0x40 _build/nrf52832_xxaa_main.c.o
 .debug_aranges
                0x00000120      0x118 _build/nrf52832_xxaa_nrf_esb.c.o
 .debug_aranges
                0x00000238       0x28 _build/nrf52832_xxaa_system_nrf52.c.o
 .debug_aranges
                0x00000260       0xd8 _build/nrf52832_xxaa_nrf_drv_gpiote.c.o

.debug_ranges   0x00000000     0x1910
 .debug_ranges  0x00000000       0x20 _build/nrf52832_xxaa_app_error.c.o
 .debug_ranges  0x00000020       0x10 _build/nrf52832_xxaa_app_error_weak.c.o
 .debug_ranges  0x00000030       0x30 _build/nrf52832_xxaa_nrf_drv_common.c.o
 .debug_ranges  0x00000060      0x7b8 _build/nrf52832_xxaa_nrf_drv_uart.c.o
 .debug_ranges  0x00000818       0xd8 _build/nrf52832_xxaa_main.c.o
 .debug_ranges  0x000008f0      0x6f8 _build/nrf52832_xxaa_nrf_esb.c.o
 .debug_ranges  0x00000fe8      0x108 _build/nrf52832_xxaa_system_nrf52.c.o
 .debug_ranges  0x000010f0      0x820 _build/nrf52832_xxaa_nrf_drv_gpiote.c.o

.debug_macro    0x00000000     0x2461
 .debug_macro   0x00000000      0x29b _build/nrf52832_xxaa_app_error.c.o
 .debug_macro   0x0000029b       0x35 _build/nrf52832_xxaa_app_error.c.o
 .debug_macro   0x000002d0       0x22 _build/nrf52832_xxaa_app_error.c.o
 .debug_macro   0x000002f2       0x16 _build/nrf52832_xxaa_app_error.c.o
 .debug_macro   0x00000308       0x97 _build/nrf52832_xxaa_app_error.c.o
 .debug_macro   0x0000039f       0xf6 _build/nrf52832_xxaa_app_error.c.o
 .debug_macro   0x00000495       0x10 _build/nrf52832_xxaa_app_error.c.o
 .debug_macro   0x000004a5       0x10 _build/nrf52832_xxaa_app_error.c.o
 .debug_macro   0x000004b5       0xb6 _build/nrf52832_xxaa_app_error.c.o
 .debug_macro   0x0000056b       0x16 _build/nrf52832_xxaa_app_error.c.o
 .debug_macro   0x00000581      0x145 _build/nrf52832_xxaa_app_error.c.o
 .debug_macro   0x000006c6       0x2b _build/nrf52832_xxaa_app_error.c.o
 .debug_macro   0x000006f1       0x22 _build/nrf52832_xxaa_app_error.c.o
 .debug_macro   0x00000713       0x16 _build/nrf52832_xxaa_app_error.c.o
 .debug_macro   0x00000729      0x39b _build/nrf52832_xxaa_app_error.c.o
 .debug_macro   0x00000ac4      0x170 _build/nrf52832_xxaa_app_error.c.o
 .debug_macro   0x00000c34       0x5a _build/nrf52832_xxaa_app_error.c.o
 .debug_macro   0x00000c8e       0x28 _build/nrf52832_xxaa_app_error.c.o
 .debug_macro   0x00000cb6       0x22 _build/nrf52832_xxaa_app_error.c.o
 .debug_macro   0x00000cd8      0x29b _build/nrf52832_xxaa_app_error_weak.c.o
 .debug_macro   0x00000f73       0x1c _build/nrf52832_xxaa_app_error_weak.c.o
 .debug_macro   0x00000f8f      0x2a4 _build/nrf52832_xxaa_nrf_drv_common.c.o
 .debug_macro   0x00001233       0x1c _build/nrf52832_xxaa_nrf_drv_common.c.o
 .debug_macro   0x0000124f       0x22 _build/nrf52832_xxaa_nrf_drv_common.c.o
 .debug_macro   0x00001271      0x373 _build/nrf52832_xxaa_nrf_drv_uart.c.o
 .debug_macro   0x000015e4       0x10 _build/nrf52832_xxaa_nrf_drv_uart.c.o
 .debug_macro   0x000015f4       0x43 _build/nrf52832_xxaa_nrf_drv_uart.c.o
 .debug_macro   0x00001637       0x28 _build/nrf52832_xxaa_nrf_drv_uart.c.o
 .debug_macro   0x0000165f       0x16 _build/nrf52832_xxaa_nrf_drv_uart.c.o
 .debug_macro   0x00001675      0x35e _build/nrf52832_xxaa_main.c.o
 .debug_macro   0x000019d3       0xa8 _build/nrf52832_xxaa_main.c.o
 .debug_macro   0x00001a7b       0x16 _build/nrf52832_xxaa_main.c.o
 .debug_macro   0x00001a91       0x10 _build/nrf52832_xxaa_main.c.o
 .debug_macro   0x00001aa1       0x1f _build/nrf52832_xxaa_main.c.o
 .debug_macro   0x00001ac0       0x30 _build/nrf52832_xxaa_main.c.o
 .debug_macro   0x00001af0      0x176 _build/nrf52832_xxaa_main.c.o
 .debug_macro   0x00001c66      0x36a _build/nrf52832_xxaa_nrf_esb.c.o
 .debug_macro   0x00001fd0       0xf5 _build/nrf52832_xxaa_system_nrf52.c.o
 .debug_macro   0x000020c5      0x386 _build/nrf52832_xxaa_nrf_drv_gpiote.c.o
 .debug_macro   0x0000244b       0x16 _build/nrf52832_xxaa_nrf_drv_gpiote.c.o

.debug_line     0x00000000     0x4d6d
 .debug_line    0x00000000      0x5f3 _build/nrf52832_xxaa_app_error.c.o
 .debug_line    0x000005f3      0x5b5 _build/nrf52832_xxaa_app_error_weak.c.o
 .debug_line    0x00000ba8      0x5e0 _build/nrf52832_xxaa_nrf_drv_common.c.o
 .debug_line    0x00001188     0x10ec _build/nrf52832_xxaa_nrf_drv_uart.c.o
 .debug_line    0x00002274      0x828 _build/nrf52832_xxaa_main.c.o
 .debug_line    0x00002a9c     0x1016 _build/nrf52832_xxaa_nrf_esb.c.o
 .debug_line    0x00003ab2      0x442 _build/nrf52832_xxaa_system_nrf52.c.o
 .debug_line    0x00003ef4      0xe79 _build/nrf52832_xxaa_nrf_drv_gpiote.c.o

.debug_str      0x00000000    0x6ab20
 .debug_str     0x00000000    0x63e72 _build/nrf52832_xxaa_app_error.c.o
                              0x6498b (size before relaxing)
 .debug_str     0x00063e72       0xd8 _build/nrf52832_xxaa_app_error_weak.c.o
                              0x64914 (size before relaxing)
 .debug_str     0x00063f4a      0xcb2 _build/nrf52832_xxaa_nrf_drv_common.c.o
                              0x63df7 (size before relaxing)
 .debug_str     0x00064bfc     0x1d16 _build/nrf52832_xxaa_nrf_drv_uart.c.o
                              0x67341 (size before relaxing)
 .debug_str     0x00066912     0x24a7 _build/nrf52832_xxaa_main.c.o
                              0x67690 (size before relaxing)
 .debug_str     0x00068db9      0xcc7 _build/nrf52832_xxaa_nrf_esb.c.o
                              0x66ad8 (size before relaxing)
 .debug_str     0x00069a80      0x26d _build/nrf52832_xxaa_system_nrf52.c.o
                              0x5ba5c (size before relaxing)
 .debug_str     0x00069ced      0xe33 _build/nrf52832_xxaa_nrf_drv_gpiote.c.o
                              0x67050 (size before relaxing)
